
> tower-game@0.1.0 build
> npm run typecheck && vite build


> tower-game@0.1.0 typecheck
> tsc -p tsconfig.core.json && tsc -p tsconfig.app.json && tsc -p tsconfig.node.json

vite v8.3.0 building client environment for production...
transforming...
✓ 654 modules transformed.
rendering chunks...
computing gzip size...
dist/licenses/octicons.txt                                                             1.06 kB │ gzip:   0.65 kB
dist/licenses/three.txt                                                                1.08 kB │ gzip:   0.67 kB
dist/index.html                                                                        3.28 kB │ gzip:   1.50 kB
dist/licenses/mona-sans.txt                                                            4.56 kB │ gzip:   2.01 kB
dist/assets/mona-sans-vietnamese-wght-normal-DsUdksa4.woff2                            7.15 kB
dist/assets/commit-halo-DSBviUEb.png                                                   9.74 kB
dist/assets/senior-developer-BCXXwJ0I.png                                             10.30 kB
dist/assets/runtime/environment/campus_tree_autumn_bare_v01.73eef6b6f0be5b8e.glb      10.61 kB
dist/assets/runtime/environment/campus_tree_pine_bare_v01.ee806616c3bd1055.glb        11.66 kB
dist/assets/runtime/environment/campus_walk_short_v01.633c3b8ead0d51a4.glb            14.35 kB
dist/assets/runtime/environment/campus_walk_straight_v01.88d5472024dd15bc.glb         14.36 kB
dist/assets/runtime/environment/campus_tree_spreading_bare_v01.d02edb11d69d16c1.glb   14.83 kB
dist/assets/runtime/environment/campus_path_bollard_v01.97575728b5686787.glb          15.12 kB
dist/assets/mona-sans-latin-ext-wght-normal-BqSk0Z3x.woff2                            15.52 kB
dist/assets/runtime/environment/campus_cave_v01.c62e942e9ba7eddd.glb                  15.90 kB
dist/assets/runtime/environment/campus_tree_round_v01.a34184710614ae09.glb            16.40 kB
dist/assets/runtime/environment/campus_tree_tall_v01.92559e9d8ee4a8a8.glb             16.45 kB
dist/assets/linter-CId7IPyX.png                                                       18.85 kB
dist/assets/runtime/environment/campus_walk_landing_v01.badaae889f43b3ea.glb          20.57 kB
dist/assets/tester-Cw7uwksu.png                                                       21.25 kB
dist/assets/runtime/environment/campus_tree_cluster_v01.d1f5e6658651c141.glb          21.50 kB
dist/assets/runtime/environment/campus_walk_junction_v01.bceef80569343877.glb         21.69 kB
dist/assets/runtime/environment/campus_tile_civic_v01.193a676faee6909b.glb            26.25 kB
dist/assets/runtime/environment/campus_tile_utility_v01.6877c24b968ebfae.glb          26.83 kB
dist/assets/base-DroUYIP2.png                                                         27.22 kB
dist/assets/runtime/environment/campus_bush_round_v01.0bd077b45c34d946.glb            27.40 kB
dist/assets/developer-CyEI2mgl.png                                                    28.60 kB
dist/assets/security-DvURmbcN.png                                                     29.96 kB
dist/assets/runtime/environment/campus_walk_bend_v01.be3f8455b311b73c.glb             30.98 kB
dist/assets/mona-sans-latin-wght-normal-Pz49MTQZ.woff2                                39.78 kB
dist/assets/runtime/environment/campus_pond_v01.334156831676b67a.glb                  46.92 kB
dist/assets/runtime/towers/copilot_rubber_duck_v01.891e9cd2c45ce448.glb               64.50 kB
dist/assets/runtime/environment/campus_solar_v01.a68d42f6124dc70b.glb                 65.04 kB
dist/assets/runtime/environment/campus_hedge_v01.6ad1ba3fad2ae3e9.glb                 66.80 kB
dist/assets/runtime/environment/campus_noticeboard_v01.eabf96f6ed62a822.glb           71.24 kB
dist/assets/runtime/environment/campus_wayfinding_sign_v01.80fe023bbf7ea450.glb       75.46 kB
dist/assets/runtime/environment/campus_cafe_table_v01.2eedc15aae3fe861.glb            82.42 kB
dist/assets/runtime/environment/campus_planter_bench_v01.54b3ba98862cd8e5.glb        107.28 kB
dist/assets/runtime/environment/campus_base_hex_v01.ed7634eace91de76.glb             120.55 kB
dist/assets/runtime/towers/copilot_tester_v01.d0d0a68c4ee364a6.glb                   125.83 kB
dist/assets/runtime/towers/copilot_base_v02.5e77ade5c6ab41a7.glb                     136.84 kB
dist/assets/runtime/environment/campus_civic_decor_v01.d49ff842b368a452.glb          140.79 kB
dist/assets/runtime/environment/campus_code_sculpture_v01.0f0336c0c7686dec.glb       146.76 kB
dist/assets/runtime/environment/campus_tile_plaza_v01.934519011a73ab91.glb           160.18 kB
dist/assets/runtime/environment/campus_meeting_nook_v01.b1985463d4318ba6.glb         161.61 kB
dist/assets/runtime/environment/campus_tile_park_v01.6a03a9e1b587d0be.glb            166.01 kB
dist/assets/runtime/towers/copilot_linter_v01.661861e7c46c8433.glb                   168.69 kB
dist/assets/runtime/environment/campus_tile_construction_v01.a790961697b0a911.glb    172.69 kB
dist/assets/runtime/environment/campus_lab_v01.a84b6cc360319e43.glb                  178.69 kB
dist/assets/runtime/environment/campus_canyon_decor_v01.cccf5a551b86dd1d.glb         188.23 kB
dist/assets/runtime/towers/copilot_octocat_classic_lowpoly_v01.bdf5125b1e9500bc.glb  190.52 kB
dist/assets/runtime/environment/campus_tile_canyon_v01.08ef3ebc706f564d.glb          192.86 kB
dist/assets/runtime/towers/copilot_security_v01.717eba681251162e.glb                 198.26 kB
dist/assets/runtime/environment/campus_coffee_kiosk_v01.2390263498d8f5ed.glb         211.78 kB
dist/assets/runtime/environment/campus_tile_hill_v01.ccc92b083a48356d.glb            226.86 kB
dist/assets/runtime/towers/copilot_developer_v01.9fd5a1b9dc641430.glb                235.50 kB
dist/assets/runtime/environment/campus_construction_decor_v01.4909198bb6349aad.glb   253.32 kB
dist/assets/runtime/environment/campus_utility_decor_v01.2b5eb54a8b9d93dd.glb        256.51 kB
dist/assets/runtime/towers/copilot_golden_compiler_v01.1d88ddd329b57876.glb          283.05 kB
dist/assets/runtime/environment/campus_flower_bed_v01.7ad32ff99326d543.glb           334.24 kB
dist/assets/runtime/towers/copilot_commit_halo_v01.58a9338892df9034.glb              358.52 kB
dist/assets/runtime/environment/campus_tile_forest_v01.406367db5895adf0.glb          434.41 kB
dist/assets/index-z-U-vVN2.css                                                         9.72 kB │ gzip:   2.72 kB
dist/assets/LabScreen-Ci-qQKet.css                                                    12.10 kB │ gzip:   2.82 kB
dist/assets/HomeScreen-DBDbkdia.css                                                   19.05 kB │ gzip:   4.34 kB
dist/assets/rolldown-runtime-hePW80VL.js                                               0.71 kB │ gzip:   0.42 kB
dist/assets/SyncIcon-VLCgZgrS.js                                                       1.23 kB │ gzip:   0.63 kB
dist/assets/PlayIcon-_3CfiW8G.js                                                       4.93 kB │ gzip:   2.07 kB
dist/assets/createTowerShowcaseScene-Cy-10RAH.js                                      15.97 kB │ gzip:   6.05 kB
dist/assets/HomeScreen-3wKHTmkc.js                                                    27.89 kB │ gzip:   9.67 kB
dist/assets/TowerShowcase-DUV8trRE.js                                                 36.66 kB │ gzip:  12.67 kB
dist/assets/createCampusScene-CnSZsc6A.js                                             54.50 kB │ gzip:  17.54 kB
dist/assets/LabScreen-CsqkuICt.js                                                    171.52 kB │ gzip:  49.96 kB
dist/assets/index-BtUFvfah.js                                                        228.15 kB │ gzip:  71.63 kB
dist/assets/resources-Be0UJGmr.js                                                    750.79 kB │ gzip: 193.02 kB

✓ built in 406ms
[plugin builtin:vite-reporter] 
(!) Some chunks are larger than 500 kB after minification. Consider:
- Using dynamic import() to code-split the application
- Use build.rolldownOptions.output.codeSplitting to improve chunking: https://rolldown.rs/reference/OutputOptions.codeSplitting
- Adjust chunk size limit for this warning via build.chunkSizeWarningLimit.
